........................................................................ [ 41%]
...........ss........................................................... [ 83%]
.............................                                            [100%]
=========================== short test summary info ============================
SKIPPED [1] tests/test_optional_libraries.py:14: could not import 'ripser': No module named 'ripser'
SKIPPED [1] tests/test_optional_libraries.py:20: could not import 'gudhi': No module named 'gudhi'
171 passed, 2 skipped in 1.90s
